This is pdfTeX, Version 3.141592653-2.6-1.40.29 (TeX Live 2026) (preloaded format=pdflatex 2026.6.1)  8 OCT 2026 13:18
entering extended mode
 restricted \write18 enabled.
 file:line:error style messages enabled.
 %&-line parsing enabled.
**/Users/jingwu/work/earning-roles/article/aamas2027/probe_diag_20261008_min2/m
inimal.tex

(/Users/jingwu/work/earning-roles/article/aamas2027/probe_diag_20261008_min2/mi
nimal.tex
LaTeX2e <2025-11-01>
L3 programming layer <2026-01-19>
(./aamas.cls
Document Class: aamas 2026/06/27 v2.19 Typesetting articles for the Association
 for Computing Machinery
(/usr/local/texlive/2026basic/texmf-dist/tex/latex/xkeyval/xkeyval.sty
Package: xkeyval 2025/11/04 v2.10 package option processing (HA)

(/usr/local/texlive/2026basic/texmf-dist/tex/generic/xkeyval/xkeyval.tex
(/usr/local/texlive/2026basic/texmf-dist/tex/generic/xkeyval/xkvutils.tex
\XKV@toks=\toks17
\XKV@tempa@toks=\toks18
\XKV@tempb@toks=\toks19

(/usr/local/texlive/2026basic/texmf-dist/tex/generic/xkeyval/keyval.tex))
\XKV@depth=\count275
File: xkeyval.tex 2014/12/03 v2.7a key=value parser (HA)
))
(/Users/jingwu/Library/texmf/tex/generic/xstring/xstring.sty
(/Users/jingwu/Library/texmf/tex/generic/xstring/xstring.tex
\xs_counta=\count276
\xs_countb=\count277
)
Package: xstring 2023/08/22 v1.86 String manipulations (CT)
)
(/usr/local/texlive/2026basic/texmf-dist/tex/generic/iftex/iftex.sty
Package: iftex 2024/12/12 v1.0g TeX engine tests
)
Package aamas Info: Not using screen mode on input line 79.
Package aamas Info: Using breaking urls on hyphens on input line 87.
Package aamas Info: Requiring acmthm on input line 95.
Package aamas Info: Not using review mode on input line 104.
Package aamas Info: Not using authorversion mode on input line 112.
Package aamas Info: Not using nonacm mode on input line 124.
Package aamas Info: Explicitly selecting natbib mode on input line 140.
Package aamas Info: Not using anonymous mode on input line 148.
Package aamas Info: Not using timestamp mode on input line 156.
Package aamas Info: Not using authordraft mode on input line 166.
Package aamas Info: Using anonymous mode on input line 181.
Class aamas Info: Using format sigconf, number 4 on input line 181.
Class aamas Info: Using fontsize 9pt on input line 287.

(/usr/local/texlive/2026basic/texmf-dist/tex/latex/amscls/amsart.cls
Document Class: amsart 2020/05/29 v2.20.6
\linespacing=\dimen148
\normalparindent=\dimen149
\normaltopskip=\skip49
(/usr/local/texlive/2026basic/texmf-dist/tex/latex/amsmath/amsmath.sty
Package: amsmath 2025/07/09 v2.17z AMS math features
\@mathmargin=\skip50

For additional information on amsmath, use the `?' option.
(/usr/local/texlive/2026basic/texmf-dist/tex/latex/amsmath/amstext.sty
Package: amstext 2024/11/17 v2.01 AMS text

(/usr/local/texlive/2026basic/texmf-dist/tex/latex/amsmath/amsgen.sty
File: amsgen.sty 1999/11/30 v2.0 generic functions
\@emptytoks=\toks20
\ex@=\dimen150
))
(/usr/local/texlive/2026basic/texmf-dist/tex/latex/amsmath/amsbsy.sty
Package: amsbsy 1999/11/29 v1.2d Bold Symbols
\pmbraise@=\dimen151
)
(/usr/local/texlive/2026basic/texmf-dist/tex/latex/amsmath/amsopn.sty
Package: amsopn 2022/04/08 v2.04 operator names
)
\inf@bad=\count278
LaTeX Info: Redefining \frac on input line 233.
\uproot@=\count279
\leftroot@=\count280
LaTeX Info: Redefining \overline on input line 398.
LaTeX Info: Redefining \colon on input line 409.
\classnum@=\count281
\DOTSCASE@=\count282
LaTeX Info: Redefining \ldots on input line 495.
LaTeX Info: Redefining \dots on input line 498.
LaTeX Info: Redefining \cdots on input line 619.
\Mathstrutbox@=\box53
\strutbox@=\box54
LaTeX Info: Redefining \big on input line 721.
LaTeX Info: Redefining \Big on input line 722.
LaTeX Info: Redefining \bigg on input line 723.
LaTeX Info: Redefining \Bigg on input line 724.
\big@size=\dimen152
LaTeX Font Info:    Redeclaring font encoding OML on input line 742.
LaTeX Font Info:    Redeclaring font encoding OMS on input line 743.
\macc@depth=\count283
LaTeX Info: Redefining \bmod on input line 904.
LaTeX Info: Redefining \pmod on input line 909.