╭─────────────────────────────────────────────────────────────────────────────────────── Experiment Information ───────────────────────────────────────────────────────────────────────────────────────╮
│ Experiment Name: aamas_b1_kimi_k3_530b157_screen_20260921                                                                                                                                            │
│ Number of Tasks: 3                                                                                                                                                                                   │
╰──────────────────────────────────────────────────────────────────────────────────────────────────────────────────────────────────────────────────────────────────────────────────────────────────────╯
╭──────────────────────────────────────────────────────────────────────────────────────────── ⏳ Progress ─────────────────────────────────────────────────────────────────────────────────────────────╮
│ 1 of 3 tasks completed.                                                                                                                                                                              │
│ 🧭 Elapsed: 89.4s (1.5m), ⏳ Est. Remaining: 178.8s (3.0m)                                                                                                                                           │
│ 💵 Cost per task: $0.00                                                                                                                                                                              │
│ 💵 Overall  cost: $0.00                                                                                                                                                                              │
╰──────────────────────────────────────────────────────────────────────────────────────────────────────────────────────────────────────────────────────────────────────────────────────────────────────╯
╭──────────────────────────────────────────────────────────────────────────────────────────── ⏳ Progress ─────────────────────────────────────────────────────────────────────────────────────────────╮
│ 2 of 3 tasks completed.                                                                                                                                                                              │
│ 🧭 Elapsed: 153.2s (2.6m), ⏳ Est. Remaining: 76.6s (1.3m)                                                                                                                                           │
│ 💵 Cost per task: $0.00                                                                                                                                                                              │
│ 💵 Overall  cost: $0.00                                                                                                                                                                              │
╰──────────────────────────────────────────────────────────────────────────────────────────────────────────────────────────────────────────────────────────────────────────────────────────────────────╯
╭──────────────────────────────────────────────────────────────────────────────────────────── ⏳ Progress ─────────────────────────────────────────────────────────────────────────────────────────────╮
│ 3 of 3 tasks completed.                                                                                                                                                                              │
│ 🧭 Elapsed: 253.0s (4.2m), ⏳ Est. Remaining: 0.0s (0.0m)                                                                                                                                            │
│ 💵 Cost per task: $0.00                                                                                                                                                                              │
│ 💵 Overall  cost: $0.00                                                                                                                                                                              │
╰──────────────────────────────────────────────────────────────────────────────────────────────────────────────────────────────────────────────────────────────────────────────────────────────────────╯
B1_530B157_BACKBONE_SCREEN_RESULT
{
  "status": "CEILING_REJECT",
  "condition": "backbone_screen_no_experience",
  "experiment_name": "aamas_b1_kimi_k3_530b157_screen_20260921",
  "contract_sha256": "19001830aadf8cdc18c7aef8c88ef1bad3682f6ba22418cc83d60319739f7e24",
  "model": "moonshot/kimi-k3",
  "base_url": "http://127.0.0.1:8318/v1",
  "successes": 3,
  "out_of": 3,
  "mean_passed_test_fraction": 1.0,
  "elapsed_seconds": 253.02,
  "task_results": [
    {
      "task_id": "530b157_1",
      "official_success": true,
      "passed_tests": 10,
      "failed_tests": 0,
      "passed_test_fraction": 1.0,
      "complete_task_calls": 1,
      "usage": {
        "input_cache_miss": 13585,
        "input_cache_hit": 141056,
        "input_cache_write": 0,
        "output": 1655
      }
    },
    {
      "task_id": "530b157_2",
      "official_success": true,
      "passed_tests": 10,
      "failed_tests": 0,
      "passed_test_fraction": 1.0,
      "complete_task_calls": 1,
      "usage": {
        "input_cache_miss": 11735,
        "input_cache_hit": 115968,
        "input_cache_write": 0,
        "output": 1229
      }
    },
    {
      "task_id": "530b157_3",
      "official_success": true,
      "passed_tests": 10,
      "failed_tests": 0,
      "passed_test_fraction": 1.0,
      "complete_task_calls": 1,
      "usage": {
        "input_cache_miss": 13229,
        "input_cache_hit": 135936,
        "input_cache_write": 0,
        "output": 1422
      }
    }
  ],
  "runtime": {
    "host": "U-CGPCVWR0-0024.local",
    "python": "3.12.13",
    "appworld_root": "/Users/jingwu/work/AppWorld",
    "private_experience": false,
    "max_steps": 30,
    "max_output_tokens_per_turn": 2048,
    "temperature": 0.0
  },
  "raw_appworld_output": "experiments/outputs/aamas_b1_kimi_k3_530b157_screen_20260921",
  "claim_boundary": "Alternative-backbone development screen only. No donor acquisition or capability-difference treatment has run."
}
