{"completed": 1, "task": "57c3486_1", "official_success": true, "infrastructure_valid": true, "attempted_calls": 16, "api_errors": 0}
{"completed": 2, "task": "3ab5b8b_3", "official_success": false, "infrastructure_valid": true, "attempted_calls": 15, "api_errors": 1}
{"completed": 3, "task": "3ab5b8b_2", "official_success": true, "infrastructure_valid": true, "attempted_calls": 14, "api_errors": 0}
{"completed": 4, "task": "383cbac_2", "official_success": true, "infrastructure_valid": true, "attempted_calls": 12, "api_errors": 0}
{"completed": 5, "task": "68ee2c9_3", "official_success": true, "infrastructure_valid": true, "attempted_calls": 19, "api_errors": 0}
{"completed": 6, "task": "4fab96f_1", "official_success": true, "infrastructure_valid": true, "attempted_calls": 20, "api_errors": 0}
{"completed": 7, "task": "6bdbc26_1", "official_success": true, "infrastructure_valid": true, "attempted_calls": 10, "api_errors": 0}
{"completed": 8, "task": "4ec8de5_3", "official_success": true, "infrastructure_valid": true, "attempted_calls": 18, "api_errors": 0}
{"completed": 9, "task": "37a8675_1", "official_success": true, "infrastructure_valid": true, "attempted_calls": 22, "api_errors": 0}
{"completed": 10, "task": "23cf851_1", "official_success": true, "infrastructure_valid": true, "attempted_calls": 9, "api_errors": 0}
{"completed": 11, "task": "0d8a4ee_1", "official_success": true, "infrastructure_valid": true, "attempted_calls": 22, "api_errors": 0}
{"completed": 12, "task": "4fab96f_3", "official_success": true, "infrastructure_valid": true, "attempted_calls": 21, "api_errors": 0}
{"completed": 13, "task": "3ab5b8b_1", "official_success": false, "infrastructure_valid": true, "attempted_calls": 14, "api_errors": 0}
{"completed": 14, "task": "37a8675_3", "official_success": true, "infrastructure_valid": true, "attempted_calls": 23, "api_errors": 1}
{"completed": 15, "task": "6171bbc_3", "official_success": true, "infrastructure_valid": true, "attempted_calls": 16, "api_errors": 0}
{"completed": 16, "task": "396c5a2_2", "official_success": true, "infrastructure_valid": true, "attempted_calls": 11, "api_errors": 0}
{"completed": 17, "task": "6171bbc_2", "official_success": true, "infrastructure_valid": true, "attempted_calls": 11, "api_errors": 0}
{"completed": 18, "task": "d4e9306_3", "official_success": true, "infrastructure_valid": true, "attempted_calls": 14, "api_errors": 0}
{"completed": 19, "task": "6c2c621_1", "official_success": true, "infrastructure_valid": true, "attempted_calls": 20, "api_errors": 0}
{"completed": 20, "task": "4ec8de5_2", "official_success": true, "infrastructure_valid": true, "attempted_calls": 16, "api_errors": 0}
{"completed": 21, "task": "37a8675_2", "official_success": true, "infrastructure_valid": true, "attempted_calls": 24, "api_errors": 0}
{"completed": 22, "task": "fac291d_2", "official_success": true, "infrastructure_valid": true, "attempted_calls": 11, "api_errors": 0}
{"completed": 23, "task": "383cbac_3", "official_success": true, "infrastructure_valid": true, "attempted_calls": 11, "api_errors": 0}
{"completed": 24, "task": "0d8a4ee_3", "official_success": true, "infrastructure_valid": true, "attempted_calls": 23, "api_errors": 0}
{"completed": 25, "task": "4fab96f_2", "official_success": true, "infrastructure_valid": true, "attempted_calls": 21, "api_errors": 0}
{"completed": 26, "task": "68ee2c9_1", "official_success": false, "infrastructure_valid": false, "attempted_calls": 18, "api_errors": 3}
{"completed": 27, "task": "df61dc5_1", "official_success": false, "infrastructure_valid": false, "attempted_calls": 2, "api_errors": 2}
Traceback (most recent call last):
  File "/Users/jingwu/work/earning-roles/scripts/aamas_headroom_census.py", line 207, in <module>
    if __name__=='__main__':main()
                            ^^^^^^
  File "/Users/jingwu/work/earning-roles/scripts/aamas_headroom_census.py", line 203, in main
    elif args.command=='run':run()
                             ^^^^^
  File "/Users/jingwu/work/earning-roles/scripts/aamas_headroom_census.py", line 191, in run
    raise RuntimeError('Two consecutive transport-stopped tasks; no further paid calls')
RuntimeError: Two consecutive transport-stopped tasks; no further paid calls
