3ab5b8b_1 original_guard SCORED False
3ab5b8b_1 semantic_guard SCORED True
3ab5b8b_2 original_guard SCORED True
3ab5b8b_2 semantic_guard SCORED True
3ab5b8b_3 original_guard SCORED False
3ab5b8b_3 semantic_guard SCORED True
{
  "status": "COMPLETE",
  "new_policy_llm_calls": 0,
  "paired_effects": [
    {
      "task_id": "3ab5b8b_1",
      "old_plain": 0,
      "semantic_plain": 0,
      "old_guard": 0,
      "semantic_guard": 1,
      "interaction": 1
    },
    {
      "task_id": "3ab5b8b_2",
      "old_plain": 1,
      "semantic_plain": 1,
      "old_guard": 1,
      "semantic_guard": 1,
      "interaction": 0
    },
    {
      "task_id": "3ab5b8b_3",
      "old_plain": 0,
      "semantic_plain": 0,
      "old_guard": 0,
      "semantic_guard": 1,
      "interaction": 1
    }
  ],
  "guard_induction_calls": 1,
  "guard_is_common_consumer_control": true,
  "decision": "INSPECT_JOINT_SEMANTIC_STATE_EFFECT",
  "boundary": "Post-hoc native factorial; not autonomous multiagent superiority or independent confirmation."
}
