============================= test session starts ==============================
platform darwin -- Python 3.9.6, pytest-8.4.2, pluggy-1.6.0 -- /Library/Developer/CommandLineTools/usr/bin/python3
cachedir: .pytest_cache
rootdir: /Users/jingwu/work/earning-roles
plugins: anyio-4.12.1, timeout-2.4.0
collecting ... collected 48 items

tests/test_peerrolebench_observation_bridge.py::test_complete_native_chain_keeps_observation_separate_from_credit[accept] PASSED [  2%]
tests/test_peerrolebench_observation_bridge.py::test_complete_native_chain_keeps_observation_separate_from_credit[accept_with_rework] PASSED [  4%]
tests/test_peerrolebench_observation_bridge.py::test_complete_native_chain_keeps_observation_separate_from_credit[reject_redo] PASSED [  6%]
tests/test_peerrolebench_observation_bridge.py::test_publication_controls_fail_closed[wrong_version] PASSED [  8%]
tests/test_peerrolebench_observation_bridge.py::test_publication_controls_fail_closed[wrong_subject] PASSED [ 10%]
tests/test_peerrolebench_observation_bridge.py::test_publication_controls_fail_closed[wrong_contract] PASSED [ 12%]
tests/test_peerrolebench_observation_bridge.py::test_publication_controls_fail_closed[wrong_source_cut] PASSED [ 14%]
tests/test_peerrolebench_observation_bridge.py::test_publication_controls_fail_closed[preterminal] PASSED [ 16%]
tests/test_peerrolebench_observation_bridge.py::test_publication_controls_fail_closed[duplicate_anchor] PASSED [ 18%]
tests/test_peerrolebench_observation_bridge.py::test_publication_controls_fail_closed[mutated_observation] PASSED [ 20%]
tests/test_peerrolebench_observation_bridge.py::test_assignment_controls_fail_closed[wrong_anchor_version] PASSED [ 22%]
tests/test_peerrolebench_observation_bridge.py::test_assignment_controls_fail_closed[wrong_subject] PASSED [ 25%]
tests/test_peerrolebench_observation_bridge.py::test_assignment_controls_fail_closed[wrong_assignment_cut] PASSED [ 27%]
tests/test_peerrolebench_observation_bridge.py::test_assignment_controls_fail_closed[wrong_propensity] PASSED [ 29%]
tests/test_peerrolebench_observation_bridge.py::test_assignment_controls_fail_closed[mutated_projection] PASSED [ 31%]
tests/test_peerrolebench_observation_bridge.py::test_assignment_controls_fail_closed[duplicate_assignment] PASSED [ 33%]
tests/test_peerrolebench_observation_bridge.py::test_assignment_controls_fail_closed[wrong_receipt_pin] PASSED [ 35%]
tests/test_peerrolebench_observation_bridge.py::test_assignment_controls_fail_closed[recomputed_receipt_mutation] PASSED [ 37%]
tests/test_peerrolebench_observation_bridge.py::test_assignment_controls_fail_closed[wrong_preview_pin] PASSED [ 39%]
tests/test_peerrolebench_observation_bridge.py::test_assignment_controls_fail_closed[preview_selects_c] PASSED [ 41%]
tests/test_peerrolebench_observation_bridge.py::test_assignment_controls_fail_closed[preview_probability_mismatch] PASSED [ 43%]
tests/test_peerrolebench_observation_bridge.py::test_native_selection_must_consume_sealed_assignment[wrong_selected_peer] PASSED [ 45%]
tests/test_peerrolebench_observation_bridge.py::test_native_selection_must_consume_sealed_assignment[mismatched_selection_propensity] PASSED [ 47%]
tests/test_peerrolebench_observation_legacy_isolation.py::test_native_valid_observation_cannot_enter_legacy_channels[noisy-observation-completion-v1] PASSED [ 50%]
tests/test_peerrolebench_observation_legacy_isolation.py::test_native_valid_observation_cannot_enter_legacy_channels[noisy-observation-completion-v999] PASSED [ 52%]
tests/test_peerrolebench_role_evidence_offer.py::test_role_evidence_offer_uses_native_evidence_id_not_selection_id PASSED [ 54%]
tests/test_peerrolebench_role_evidence_offer.py::test_isolated_reader_consumes_role_evidence_and_binds_digest PASSED [ 56%]
tests/test_peerrolebench_role_evidence_offer.py::test_role_evidence_cannot_be_future_or_private PASSED [ 58%]
tests/test_peerrolebench_role_evidence_offer.py::test_role_evidence_requires_candidate_menu_binding PASSED [ 60%]
tests/test_peerrolebench_role_evidence_offer.py::test_native_ledger_builder_rejects_evidence_subject_mismatch PASSED [ 62%]
tests/test_peerrolebench_two_stage_gate.py::test_publication_is_allowed_without_persistent_update PASSED [ 64%]
tests/test_peerrolebench_two_stage_gate.py::test_later_outcome_cannot_create_source_attribution_or_evidence PASSED [ 66%]
tests/test_peerrolebench_two_stage_gate.py::test_recipient_only_and_mixed_changes_are_not_producer_evidence PASSED [ 68%]
tests/test_peerrolebench_two_stage_gate.py::test_registered_defect_still_requires_direct_unrepaired_use PASSED [ 70%]
tests/test_peerrolebench_two_stage_gate.py::test_later_credit_requires_assignment_selection_and_complete_outcome PASSED [ 72%]
tests/test_peerrolebench_two_stage_gate.py::test_delayed_credit_update_rolls_back_before_retry PASSED [ 75%]
tests/test_peerrolebench_two_stage_gate.py::test_native_ledger_task_start_is_selection_bound_not_assignment_bound PASSED [ 77%]
tests/test_peerrolebench_two_stage_gate.py::test_delayed_credit_is_derived_from_canonical_target_lineage PASSED [ 79%]
tests/test_peerrolebench_peer_history_adapter.py::test_adapter_appends_only_after_exact_later_credit PASSED [ 81%]
tests/test_peerrolebench_peer_history_adapter.py::test_adapter_duplicate_credit_is_exactly_once_noop PASSED [ 83%]
tests/test_peerrolebench_peer_history_adapter.py::test_adapter_rejects_unrelated_credit_without_mutating_history PASSED [ 85%]
tests/test_peerrolebench_peer_history_adapter.py::test_adapter_rejects_valid_but_uncommitted_credit PASSED [ 87%]
tests/test_peerrolebench_peer_history_adapter.py::test_adapter_restores_history_when_append_fails_after_seal PASSED [ 89%]
tests/test_peerrolebench_peer_history_adapter.py::test_adapter_rejects_missing_target_judgment_before_append PASSED [ 91%]
tests/test_peerrolebench_peer_history_binding.py::test_source_target_binding_is_canonical_and_version_bound PASSED [ 93%]
tests/test_peerrolebench_peer_history_binding.py::test_source_target_binding_rejects_temporal_or_identity_mutation[read_cut-read cut] PASSED [ 95%]
tests/test_peerrolebench_peer_history_binding.py::test_source_target_binding_rejects_temporal_or_identity_mutation[candidate-candidate] PASSED [ 97%]
tests/test_peerrolebench_peer_history_binding.py::test_source_target_binding_rejects_temporal_or_identity_mutation[arrival-history entry arrived] PASSED [100%]

============================== 48 passed in 0.53s ==============================
