Rc files read (in order):
  NONE
Latexmk: This is Latexmk, John Collins, 9 March 2026. Version 4.88.
Latexmk: applying rule 'pdflatex'...
Rule 'pdflatex':  Reasons for rerun
Changed files or newly in use/created:
  expected_experiment_matrix_v2_20261009/expected_experiment_matrix.tex
Category 'changed_user':
  expected_experiment_matrix_v2_20261009/expected_experiment_matrix.tex

------------
Run number 1 of rule 'pdflatex'
------------
------------
Running 'pdflatex  -interaction=nonstopmode -halt-on-error -recorder -output-directory="/Users/jingwu/work/earning-roles/artifacts/aamas2027/expected_experiment_matrix_v2_20261009"  "expected_experiment_matrix_v2_20261009/expected_experiment_matrix.tex"'
------------
This is pdfTeX, Version 3.141592653-2.6-1.40.29 (TeX Live 2026) (preloaded format=pdflatex)
 restricted \write18 enabled.
entering extended mode
(./expected_experiment_matrix_v2_20261009/expected_experiment_matrix.tex
LaTeX2e <2025-11-01>
L3 programming layer <2026-01-19>
(./aamas.cls
Document Class: aamas 2026/06/27 v2.19 Typesetting articles for the Association
 for Computing Machinery
(/usr/local/texlive/2026basic/texmf-dist/tex/latex/xkeyval/xkeyval.sty
(/usr/local/texlive/2026basic/texmf-dist/tex/generic/xkeyval/xkeyval.tex
(/usr/local/texlive/2026basic/texmf-dist/tex/generic/xkeyval/xkvutils.tex
(/usr/local/texlive/2026basic/texmf-dist/tex/generic/xkeyval/keyval.tex))))
(/Users/jingwu/Library/texmf/tex/generic/xstring/xstring.sty
(/Users/jingwu/Library/texmf/tex/generic/xstring/xstring.tex))
(/usr/local/texlive/2026basic/texmf-dist/tex/generic/iftex/iftex.sty)
(/usr/local/texlive/2026basic/texmf-dist/tex/latex/amscls/amsart.cls
Document Class: amsart 2020/05/29 v2.20.6
(/usr/local/texlive/2026basic/texmf-dist/tex/latex/amsmath/amsmath.sty
For additional information on amsmath, use the `?' option.
(/usr/local/texlive/2026basic/texmf-dist/tex/latex/amsmath/amstext.sty
(/usr/local/texlive/2026basic/texmf-dist/tex/latex/amsmath/amsgen.sty))
(/usr/local/texlive/2026basic/texmf-dist/tex/latex/amsmath/amsbsy.sty)
(/usr/local/texlive/2026basic/texmf-dist/tex/latex/amsmath/amsopn.sty))
(/usr/local/texlive/2026basic/texmf-dist/tex/latex/amsfonts/umsa.fd)
(/usr/local/texlive/2026basic/texmf-dist/tex/latex/amsfonts/amsfonts.sty))
(/usr/local/texlive/2026basic/texmf-dist/tex/latex/microtype/microtype.sty
(/Users/jingwu/Library/texmf/tex/latex/etoolbox/etoolbox.sty)
(/usr/local/texlive/2026basic/texmf-dist/tex/latex/microtype/microtype-pdftex.d
ef) (/usr/local/texlive/2026basic/texmf-dist/tex/latex/microtype/microtype.cfg)
) (/usr/local/texlive/2026basic/texmf-dist/tex/latex/booktabs/booktabs.sty)
(/usr/local/texlive/2026basic/texmf-dist/tex/latex/refcount/refcount.sty
(/usr/local/texlive/2026basic/texmf-dist/tex/generic/ltxcmds/ltxcmds.sty)
(/usr/local/texlive/2026basic/texmf-dist/tex/generic/infwarerr/infwarerr.sty))
(/Users/jingwu/Library/texmf/tex/latex/totpages/totpages.sty
(/usr/local/texlive/2026basic/texmf-dist/tex/latex/everyshi/everyshi.sty))
(/Users/jingwu/Library/texmf/tex/latex/environ/environ.sty
(/Users/jingwu/Library/texmf/tex/latex/trimspaces/trimspaces.sty))
(/Users/jingwu/Library/texmf/tex/latex/natbib/natbib.sty)
(/Users/jingwu/Library/texmf/tex/latex/hyperref/hyperref.sty
(/usr/local/texlive/2026basic/texmf-dist/tex/latex/kvsetkeys/kvsetkeys.sty)
(/usr/local/texlive/2026basic/texmf-dist/tex/generic/kvdefinekeys/kvdefinekeys.
sty)
(/usr/local/texlive/2026basic/texmf-dist/tex/generic/pdfescape/pdfescape.sty
(/usr/local/texlive/2026basic/texmf-dist/tex/generic/pdftexcmds/pdftexcmds.sty)
) (/usr/local/texlive/2026basic/texmf-dist/tex/latex/hycolor/hycolor.sty)
(/Users/jingwu/Library/texmf/tex/latex/hyperref/nameref.sty
(/usr/local/texlive/2026basic/texmf-dist/tex/generic/gettitlestring/gettitlestr
ing.sty
(/usr/local/texlive/2026basic/texmf-dist/tex/latex/kvoptions/kvoptions.sty)))
(/usr/local/texlive/2026basic/texmf-dist/tex/generic/stringenc/stringenc.sty)
(/Users/jingwu/Library/texmf/tex/latex/hyperref/pd1enc.def)
(/usr/local/texlive/2026basic/texmf-dist/tex/generic/intcalc/intcalc.sty)
(/Users/jingwu/Library/texmf/tex/latex/hyperref/puenc.def)
(/usr/local/texlive/2026basic/texmf-dist/tex/latex/url/url.sty)
(/usr/local/texlive/2026basic/texmf-dist/tex/generic/bitset/bitset.sty
(/usr/local/texlive/2026basic/texmf-dist/tex/generic/bigintcalc/bigintcalc.sty)
)) (/Users/jingwu/Library/texmf/tex/latex/hyperref/hpdftex.def
(/usr/local/texlive/2026basic/texmf-dist/tex/latex/rerunfilecheck/rerunfilechec
k.sty
(/usr/local/texlive/2026basic/texmf-dist/tex/generic/uniquecounter/uniquecounte
r.sty))) (/Users/jingwu/Library/texmf/tex/latex/hyperxmp/hyperxmp.sty
(/Users/jingwu/Library/texmf/tex/latex/ifmtarg/ifmtarg.sty)
(/usr/local/texlive/2026basic/texmf-dist/tex/latex/base/ifthen.sty)
(/usr/local/texlive/2026basic/texmf-dist/tex/latex/oberdiek/ifdraft.sty)
(/usr/local/texlive/2026basic/texmf-dist/tex/generic/iftex/ifluatex.sty))
(/usr/local/texlive/2026basic/texmf-dist/tex/latex/graphics/graphicx.sty
(/usr/local/texlive/2026basic/texmf-dist/tex/latex/graphics/graphics.sty
(/usr/local/texlive/2026basic/texmf-dist/tex/latex/graphics/trig.sty)
(/usr/local/texlive/2026basic/texmf-dist/tex/latex/graphics-cfg/graphics.cfg)
(/usr/local/texlive/2026basic/texmf-dist/tex/latex/graphics-def/pdftex.def)))
(/Users/jingwu/Library/texmf/tex/latex/xcolor/xcolor.sty
(/usr/local/texlive/2026basic/texmf-dist/tex/latex/graphics-cfg/color.cfg)
(/usr/local/texlive/2026basic/texmf-dist/tex/latex/graphics/mathcolor.ltx))
(/usr/local/texlive/2026basic/texmf-dist/tex/latex/geometry/geometry.sty
(/usr/local/texlive/2026basic/texmf-dist/tex/generic/iftex/ifvtex.sty))
(/Users/jingwu/Library/texmf/tex/latex/ncctools/manyfoot.sty
(/Users/jingwu/Library/texmf/tex/latex/ncctools/nccfoots.sty))
(/usr/local/texlive/2026basic/texmf-dist/tex/generic/pdftex/glyphtounicode.tex)
(/usr/local/texlive/2026basic/texmf-dist/tex/latex/cmap/cmap.sty)
(/usr/local/texlive/2026basic/texmf-dist/tex/latex/base/fontenc.sty<<t1.cmap>>)
 (/Users/jingwu/Library/texmf/tex/latex/libertine/libertine.sty
(/usr/local/texlive/2026basic/texmf-dist/tex/generic/iftex/ifxetex.sty)
(/usr/local/texlive/2026basic/texmf-dist/tex/latex/base/textcomp.sty)
(/usr/local/texlive/2026basic/texmf-dist/tex/latex/base/fontenc.sty)
(/Users/jingwu/Library/texmf/tex/latex/fontaxes/fontaxes.sty
(/Users/jingwu/Library/texmf/tex/latex/figureversions/figureversions.sty))
(/Users/jingwu/Library/texmf/tex/latex/libertine/LinLibertine_I.tex))
(/Users/jingwu/Library/texmf/tex/latex/inconsolata/zi4.sty
`inconsolata-zi4' v1.12, 2019/05/17 Text macros for Inconsolata (msharpe))
(/Users/jingwu/Library/texmf/tex/latex/newtx/newtxmath.sty
`newtxmath' v1.754, 2024/09/22 Math macros based originally on txfonts (msharpe
) (/usr/local/texlive/2026basic/texmf-dist/tex/latex/oberdiek/centernot.sty)
(/Users/jingwu/Library/texmf/tex/generic/kastrup/binhex.tex)
amsthm NOT loaded
) (/usr/local/texlive/2026basic/texmf-dist/tex/latex/psnfss/pifont.sty
(/usr/local/texlive/2026basic/texmf-dist/tex/latex/psnfss/upzd.fd)
(/usr/local/texlive/2026basic/texmf-dist/tex/latex/psnfss/upsy.fd))
(/Users/jingwu/Library/texmf/tex/latex/caption/caption.sty
(/Users/jingwu/Library/texmf/tex/latex/caption/caption3.sty
(/Users/jingwu/Library/texmf/tex/latex/caption/caption-ams-smf.sto)))
(/usr/local/texlive/2026basic/texmf-dist/tex/latex/float/float.sty)
(/Users/jingwu/Library/texmf/tex/latex/comment/comment.sty
Excluding comment 'comment') Excluding comment 'CCSXML'
(/usr/local/texlive/2026basic/texmf-dist/tex/latex/fancyhdr/fancyhdr.sty)
Special comment 'acks'
(/Users/jingwu/Library/texmf/tex/latex/libertine/t1linuxlibertinet-tlf.fd))
(/usr/local/texlive/2026basic/texmf-dist/tex/latex/tools/array.sty)
(/Users/jingwu/Library/texmf/tex/latex/makecell/makecell.sty)
(/Users/jingwu/Library/texmf/tex/latex/multirow/multirow.sty)
(/usr/local/texlive/2026basic/texmf-dist/tex/latex/colortbl/colortbl.sty)
(/Users/jingwu/Library/texmf/tex/latex/draftwatermark/draftwatermark.sty)
(./aamas_metadata.tex)
(/Users/jingwu/Library/texmf/tex/latex/preprint/balance.sty)
Excluding comment 'screenonly' Include comment 'printonly'
Excluding comment 'anonsuppress' Excluding comment 'acks'
(/usr/local/texlive/2026basic/texmf-dist/tex/latex/l3backend/l3backend-pdftex.d
ef)
(/Users/jingwu/work/earning-roles/artifacts/aamas2027/expected_experiment_matri
x_v2_20261009/expected_experiment_matrix.aux)
(/Users/jingwu/Library/texmf/tex/latex/newtx/omlnxlmi.fd)
(/Users/jingwu/Library/texmf/tex/latex/newtx/untxexa.fd)
(/Users/jingwu/Library/texmf/tex/latex/newtx/lmsntxsy.fd)
(/Users/jingwu/Library/texmf/tex/latex/newtx/lmxntxexx.fd)
(/Users/jingwu/Library/texmf/tex/latex/libertine/ot1linuxlibertinet-tlf.fd)<<ot
1.cmap>><<oml.cmap>>
(/usr/local/texlive/2026basic/texmf-dist/tex/latex/amsfonts/umsa.fd)
(/usr/local/texlive/2026basic/texmf-dist/tex/latex/amsfonts/umsb.fd)
(/Users/jingwu/Library/texmf/tex/latex/newtx/untxmia.fd)
(/Users/jingwu/Library/texmf/tex/latex/newtx/untxsym.fd)
(/Users/jingwu/Library/texmf/tex/latex/newtx/untxsyc.fd)
(/Users/jingwu/work/earning-roles/artifacts/aamas2027/expected_experiment_matri
x_v2_20261009/expected_experiment_matrix.out)
(/Users/jingwu/work/earning-roles/artifacts/aamas2027/expected_experiment_matri
x_v2_20261009/expected_experiment_matrix.out)
(/usr/local/texlive/2026basic/texmf-dist/tex/context/base/mkii/supp-pdf.mkii
[Loading MPS to PDF converter (version 2006.09.02).]
)
(/usr/local/texlive/2026basic/texmf-dist/tex/latex/epstopdf-pkg/epstopdf-base.s
ty (/Users/jingwu/Library/texmf/tex/latex/latexconfig/epstopdf-sys.cfg))
*geometry* driver: auto-detecting
*geometry* detected driver: pdftex
(/Users/jingwu/Library/texmf/tex/latex/upquote/upquote.sty)
(/Users/jingwu/Library/texmf/tex/latex/libertine/t1linuxbiolinumt-tlf.fd)
(/Users/jingwu/Library/texmf/tex/latex/libertine/ts1linuxlibertinet-tlf.fd)
(/usr/local/texlive/2026basic/texmf-dist/tex/latex/microtype/mt-msa.cfg)
(/usr/local/texlive/2026basic/texmf-dist/tex/latex/microtype/mt-msb.cfg)
Underfull \hbox (badness 2269) in paragraph at lines 59--59
[]|\T1/LinuxLibertineT-TLF/m/n/8 (+20) ArtifactRole / in-de-pen-

Underfull \hbox (badness 10000) in paragraph at lines 60--61
[]|\T1/LinuxLibertineT-TLF/m/n/8 (+20) Future quality--cost util-ity;

Underfull \hbox (badness 10000) in paragraph at lines 62--62
[]|\T1/LinuxLibertineT-TLF/m/n/8 (+20) Ownership mu-ta-tion, cor-rec-

Underfull \hbox (badness 3009) in paragraph at lines 124--124
[]|\T1/LinuxLibertineT-TLF/m/n/8 (+20) Delayed / out-of-order

Underfull \hbox (badness 10000) in paragraph at lines 150--150
[]|\T1/LinuxLibertineT-TLF/m/n/8 (+20) Structural at-tri-bu-tion

Package balance Warning: You have called \balance in second column
(balance)                Columns might not be balanced.

[1.1{/Users/jingwu/Library/texlive/2026basic/texmf-var/fonts/map/pdftex/updmap/
pdftex.map}{/Users/jingwu/Library/texmf/fonts/enc/dvips/libertine/lbtn_76gpa5.e
nc}{/Users/jingwu/Library/texmf/fonts/enc/dvips/libertine/lbtn_25tcsq.enc}{/Use
rs/jingwu/Library/texmf/fonts/enc/dvips/libertine/lbtn_nh77jq.enc}{/Users/jingw
u/Library/texmf/fonts/enc/dvips/libertine/lbtn_naooyc.enc}{/Users/jingwu/Librar
y/texmf/fonts/enc/dvips/libertine/lbtn_7grukw.enc}{/Users/jingwu/Library/texmf/
fonts/enc/dvips/libertine/lbtn_oexx6f.enc}{/Users/jingwu/Library/texmf/fonts/en
c/dvips/libertine/lbtn_ncsllp.enc} <./by.pdf>] [2.2]
(/usr/local/texlive/2026basic/texmf-dist/tex/generic/stringenc/se-pdfdoc.def)
(/usr/local/texlive/2026basic/texmf-dist/tex/generic/stringenc/se-utf8.def)
[3.3{/Users/jingwu/Library/texmf/fonts/enc/dvips/libertine/lbtn_tlukpt.enc}]
(/Users/jingwu/work/earning-roles/artifacts/aamas2027/expected_experiment_matri
x_v2_20261009/expected_experiment_matrix.aux) )
(\end occurred when \ifx on line 3 was incomplete)
(see the transcript file for additional information)</Users/jingwu/Library/texm
f/fonts/type1/public/newtx/LibertineMathMI.pfb></Users/jingwu/Library/texmf/fon
ts/type1/public/libertine/LinBiolinumT.pfb></Users/jingwu/Library/texmf/fonts/t
ype1/public/libertine/LinBiolinumTB.pfb></Users/jingwu/Library/texmf/fonts/type
1/public/libertine/LinLibertineT.pfb></Users/jingwu/Library/texmf/fonts/type1/p
ublic/libertine/LinLibertineTB.pfb></Users/jingwu/Library/texmf/fonts/type1/pub
lic/libertine/LinLibertineTI.pfb></Users/jingwu/Library/texmf/fonts/type1/publi
c/newtx/txmiaX.pfb></Users/jingwu/Library/texmf/fonts/type1/public/newtx/txsys.
pfb>
Output written on /Users/jingwu/work/earning-roles/artifacts/aamas2027/expected
_experiment_matrix_v2_20261009/expected_experiment_matrix.pdf (3 pages, 410427 
bytes).
Transcript written on /Users/jingwu/work/earning-roles/artifacts/aamas2027/expe
cted_experiment_matrix_v2_20261009/expected_experiment_matrix.log.
Latexmk: Getting log file '/Users/jingwu/work/earning-roles/artifacts/aamas2027/expected_experiment_matrix_v2_20261009/expected_experiment_matrix.log'
Latexmk: Examining '/Users/jingwu/work/earning-roles/artifacts/aamas2027/expected_experiment_matrix_v2_20261009/expected_experiment_matrix.fls'
Latexmk: Examining '/Users/jingwu/work/earning-roles/artifacts/aamas2027/expected_experiment_matrix_v2_20261009/expected_experiment_matrix.log'
Latexmk: Important warning:
  (\end occurred when \ifx on line 3 was incomplete) 
Latexmk: Log file says output to '/Users/jingwu/work/earning-roles/artifacts/aamas2027/expected_experiment_matrix_v2_20261009/expected_experiment_matrix.pdf'
Latexmk: Log file says output to '/Users/jingwu/work/earning-roles/artifacts/aamas2027/expected_experiment_matrix_v2_20261009/expected_experiment_matrix.pdf'
Latexmk: All targets (/Users/jingwu/work/earning-roles/artifacts/aamas2027/expected_experiment_matrix_v2_20261009/expected_experiment_matrix.pdf) are up-to-date

