This is pdfTeX, Version 3.141592653-2.6-1.40.29 (TeX Live 2026) (preloaded format=pdflatex 2026.6.1)  8 OCT 2026 13:17
entering extended mode
 restricted \write18 enabled.
 file:line:error style messages enabled.
 %&-line parsing enabled.
**/Users/jingwu/work/earning-roles/article/aamas2027/probe_diag_20261008_min/mi
nimal.tex

(/Users/jingwu/work/earning-roles/article/aamas2027/probe_diag_20261008_min/min
imal.tex
LaTeX2e <2025-11-01>
L3 programming layer <2026-01-19>

/Users/jingwu/work/earning-roles/article/aamas2027/probe_diag_20261008_min/mini
mal.tex:1: LaTeX Error: There's no line here to end.

See the LaTeX manual or LaTeX Companion for explanation.
Type  H <return>  for immediate help.
 ...                                              
                                                  
l.1 \\d
       ocumentclass[sigconf,anonymous]{aamas}\n\\title{Probe}\n\\author{Anon...

Your command was ignored.
Type  I <command> <return>  to replace it with another command,
or  <return>  to continue without it.

 
Here is how much of TeX's memory you used:
 16 strings out of 469006
 778 string characters out of 5454814
 433756 words of memory out of 5000000
 28810 multiletter control sequences out of 15000+600000
 627721 words of font info for 40 fonts, out of 8000000 for 9000
 319 hyphenation exceptions out of 8191
 12i,0n,13p,273b,14s stack positions out of 10000i,1000n,20000p,200000b,200000s
/Users/jingwu/work/earning-roles/article/aamas2027/probe_diag_20261008_min/mini
mal.tex:1:  ==> Fatal error occurred, no output PDF file produced!
