\BOOKMARK [1][-]{section.1}{\376\377\137\025\212\000}{}% 1
\BOOKMARK [1][-]{section.2}{\376\377\166\370\121\163\135\345\117\134\116\016\133\232\117\115}{}% 2
\BOOKMARK [1][-]{section.3}{\376\377\225\356\230\230\137\142\137\017\123\026}{}% 3
\BOOKMARK [2][-]{subsection.3.1}{\376\377\133\371\214\141\116\016\117\341\140\157\217\271\165\114}{section.3}% 4
\BOOKMARK [2][-]{subsection.3.2}{\376\377\215\043\116\373\225\350}{section.3}% 5
\BOOKMARK [1][-]{section.4}{\376\377\215\142\137\227\211\322\202\162\377\032\215\043\116\373\141\037\167\345\123\117\213\256}{}% 6
\BOOKMARK [2][-]{subsection.4.1}{\376\377\116\044\226\066\153\265\213\301\143\156\116\016\146\364\145\260}{section.4}% 7
\BOOKMARK [2][-]{subsection.4.2}{\376\377\213\301\143\156\210\150\171\072\116\016\120\031\220\011\213\304\122\006}{section.4}% 8
\BOOKMARK [2][-]{subsection.4.3}{\376\377\123\357\142\147\210\114\166\204\220\011\142\351\126\150\116\016\146\364\145\260\131\121\176\246}{section.4}% 9
\BOOKMARK [2][-]{subsection.4.4}{\376\377\116\300\116\110\142\115\173\227\122\033\145\260}{section.4}% 10
\BOOKMARK [1][-]{section.5}{\376\377\127\372\121\306\116\016\127\372\176\277}{}% 11
\BOOKMARK [2][-]{subsection.5.1}{\376\377\116\044\147\141\116\222\210\145\217\150\220\123}{section.5}% 12
\BOOKMARK [2][-]{subsection.5.2}{\376\377\230\204\154\350\121\214\127\372\176\277}{section.5}% 13
\BOOKMARK [1][-]{section.6}{\376\377\133\236\232\214\225\356\230\230\116\016\167\351\226\065}{}% 14
\BOOKMARK [2][-]{subsection.6.1}{\376\377\170\024\172\166\225\356\230\230\116\016\117\060\213\241\221\317}{section.6}% 15
\BOOKMARK [2][-]{subsection.6.2}{\376\377\133\214\145\164\133\236\232\214\167\351\226\065}{section.6}% 16
\BOOKMARK [2][-]{subsection.6.3}{\376\377\230\204\173\227\060\001\176\337\213\241\116\016\142\245\124\112}{section.6}% 17
\BOOKMARK [2][-]{subsection.6.4}{\376\377\155\210\207\215\116\016\213\301\117\052}{section.6}% 18
\BOOKMARK [2][-]{subsection.6.5}{\376\377\142\147\210\114\116\016\176\323\147\234\130\153\121\231\131\121\176\246}{section.6}% 19
\BOOKMARK [1][-]{section.7}{\376\377\176\323\147\234\116\016\213\301\143\156\217\271\165\114}{}% 20
\BOOKMARK [1][-]{section.8}{\376\377\213\250\213\272\116\016\134\100\226\120}{}% 21
\BOOKMARK [1][-]{section.9}{\376\377\176\323\213\272}{}% 22
